[Licensing::Module] Trying to connect to existing licensing client channel...
[Licensing::IpcConnector] Successfully connected to: "LicenseClient-morga" at "2026-09-17T16:40:37.2058709Z"
Built from '6000.6/respin/6000.6.0f1-fa21a270ab12' branch; Version is '6000.6.0f1 (f7f8ed4d1e24) revision 16251117'; Using compiler version '194234433'; Build Type 'Release'
OS: 'Windows 11  (10.0.26200) Core' Language: 'en' Physical Memory: 32455 MB
BatchMode: 1, IsHumanControllingUs: 0, StartBugReporterOnCrash: 0, Is64bit: 1
System  architecture: x64
Process architecture: x64
Date: 2026-09-17T16:40:37Z
[Licensing::Client] Code 10 while verifying Licensing Client signature (process Id: 40616, path: "C:/Program Files/Unity Hub/UnityLicensingClient_V1/Unity.Licensing.Client.exe")
[Licensing::Module] LicensingClient has failed validation; ignoring
[Licensing::Client] Handshaking with LicensingClient:
  Version:                 1.18.3+d7ffd15
  Session Id:              f5d129e34eb34020938d2d202f57a845
  Correlation Id:          2bccf2cc3c0d8bbcbb15a0aa1c575a80
  External correlation Id: 3505255139736969009
  Machine Id:              IREUCsox+rr0bDY44OOfOqowDQ4=
[Licensing::Module] Successfully connected to LicensingClient on channel: "LicenseClient-morga" (connect: 0.00s, validation: 0.00s, handshake: 0.05s)
[Licensing::IpcConnector] Successfully connected to: "LicenseClient-morga-notifications" at "2026-09-17T16:40:37.2580289Z"
[Licensing::Module] Licensing Background thread has ended after 0.05s

COMMAND LINE ARGUMENTS:
C:\Program Files\Unity\Hub\Editor\6000.6.0f1\Editor\Unity.exe
-adb2
-batchMode
-noUpm
-name
AssetImportWorkerHW0
-projectPath
C:/Users/morga/GD205_FA26_Morgaan_Holmes
-logFile
Logs/AssetImportWorkerHW0.log
-srvPort
54640
-parentPid
17456
-analyticsCloudUserId
anonymous
-analyticsCloudProjectId
c4c02f0b-72e7-47a3-b2f0-e47c8e48b3cc
-analyticsLocalProjectId
bad54f4a447f72746824ae356c01db7c
-editorAnalyticsEnabled
1
-cbmEditorLicense
f33026141f7f8e81d31f6bdc0686e8833a20f20e
-cbmMachineId
IREUCsox+rr0bDY44OOfOqowDQ4=
-licensingIpc
LicenseClient-morga
-noDiagnosticSwitchPersistentStore
-job-worker-count
5
-background-job-worker-count
8
-asset-garbage-collectors
1
-force-d3d12
-name
AssetImport
Successfully changed project path to: C:/Users/morga/GD205_FA26_Morgaan_Holmes
C:/Users/morga/GD205_FA26_Morgaan_Holmes
[UnityMemory] Configuration Parameters - Can be set up in boot.config
    "memorysetup-temp-allocator-size-gi-baking-worker=262144"
    "memorysetup-temp-allocator-size-gi-baking-worker=262144"
    "memorysetup-temp-allocator-size-gi-baking-worker=262144"
    "memorysetup-temp-allocator-size-gi-baking-worker=262144"
    "memorysetup-temp-allocator-size-gi-baking-worker=262144"
    "memorysetup-temp-allocator-size-nav-mesh-worker=65536"
    "memorysetup-temp-allocator-size-audio-worker=65536"
    "memorysetup-temp-allocator-size-cloud-worker=32768"
    "memorysetup-temp-allocator-size-gfx=262144"
    "memorysetup-remapper-allocator-initial-capacity=32768"
    "memorysetup-temp-allocator-size-preload-manager=33554432"
    "memorysetup-allocator-temp-initial-block-size-main=262144"
    "memorysetup-allocator-temp-initial-block-size-worker=262144"
    "memorysetup-temp-allocator-size-job-worker=262144"
    "memorysetup-temp-allocator-size-background-worker=32768"
    "memorysetup-bucket-allocator-granularity=16"
    "memorysetup-bucket-allocator-bucket-count=8"
    "memorysetup-bucket-allocator-block-size=33554432"
    "memorysetup-bucket-allocator-block-count=8"
    "memorysetup-main-allocator-block-size=16777216"
    "memorysetup-thread-allocator-block-size=16777216"
    "memorysetup-main-allocator-mimalloc-enabled=1"
    "memorysetup-gfx-main-allocator-block-size=16777216"
    "memorysetup-gfx-thread-allocator-block-size=16777216"
    "memorysetup-cache-allocator-block-size=4194304"
    "memorysetup-typetree-allocator-block-size=2097152"
    "memorysetup-profiler-bucket-allocator-granularity=16"
    "memorysetup-profiler-bucket-allocator-bucket-count=8"
    "memorysetup-profiler-bucket-allocator-block-size=33554432"
    "memorysetup-profiler-bucket-allocator-block-count=8"
    "memorysetup-profiler-allocator-block-size=16777216"
    "memorysetup-profiler-editor-allocator-block-size=1048576"
    "memorysetup-temp-allocator-size-main=16777216"
    "memorysetup-job-temp-allocator-block-size=2097152"
    "memorysetup-job-temp-allocator-block-size-background=1048576"
    "memorysetup-job-temp-allocator-reduction-small-platforms=262144"
Player connection [48340]  Target information:

Player connection [48340]  * "[IP] 100.97.180.47 [Port] 0 [Flags] 2 [Guid] 262805862 [EditorId] 262805862 [Version] 1048832 [Id] WindowsEditor(7,Morgaan) [Debug] 1 [PackageName] WindowsEditor [ProjectName] Editor" 

Player connection [48340] Host joined multi-casting on [225.0.0.222:54997]...
Player connection [48340] Host joined alternative multi-casting on [225.0.0.222:34997]...
JobSystem: Creating JobQueue using job-worker-count value 5
Input System module state changed to: Initialized.
[Physics::Module] Initialized fallback backend.
[Physics::Module] Id: 0xdecafbad
Library Redirect Path: Library/
Initialising UDS system complete:
  - System type: Client
  - Resource namespace: 9a57e0648785f89ac797711da808b0a8
  - Shared memory size: 1073741824
  - Command buffer id: 1052576
  - Command buffer size: 8192
  - Hashmap size: 4194304
  - Service connected: true
  - Service working directory: Library/DataStore/
[Physics::Module] Selected backend.
[Physics::Module] Name: PhysX
[Physics::Module] Id: 0xf2b8ea05
[Physics::Module] SDK Version: 4.1.2
[Physics::Module] Integration Version: 1.0.0
[Physics::Module] Threading Mode: Multi-Threaded
Refreshing native plugins compatible for Editor in 7.68 ms, found 4 plugins.
Initialize engine version: 6000.6.0f1 (f7f8ed4d1e24)
[EntityIdStore] init: VM path (explicit commit), pageSize=4096, blockCount=1048576, entitiesPerBlock=256, slots reserved=4294967296 bytes
[Subsystems] Discovering subsystems at path C:/Program Files/Unity/Hub/Editor/6000.6.0f1/Editor/Data/Resources/UnitySubsystems
[Subsystems] Discovering subsystems at path C:/Users/morga/GD205_FA26_Morgaan_Holmes/Assets
Forcing GfxDevice: Direct3D 12
GfxDevice: creating device client; kGfxThreadingModeNonThreaded
d3d12: failed to query info queue interface (0x80004002).
Direct3D:
    Version:         Direct3D 12 [level 12.2]
    Renderer:        NVIDIA GeForce RTX 5050 Laptop GPU (ID=0x2d98)
    Vendor:          NVIDIA
    VRAM:            7822 MB
    App VRAM Budget: 7054 MB
    Driver:          32.0.15.7313
Initialize mono
Mono path[0] = 'C:/Program Files/Unity/Hub/Editor/6000.6.0f1/Editor/Data/Managed'
Mono path[1] = 'C:/Program Files/Unity/Hub/Editor/6000.6.0f1/Editor/Data/BCLExtensions/runtime/netstandard2.1'
Mono path[2] = 'C:/Program Files/Unity/Hub/Editor/6000.6.0f1/Editor/Data/MonoBleedingEdge/lib/mono/unityjit-win32'
Mono config path = 'C:/Program Files/Unity/Hub/Editor/6000.6.0f1/Editor/Data/MonoBleedingEdge/etc'
Using monoOptions --debugger-agent=transport=dt_socket,embedding=1,server=y,suspend=n,address=127.0.0.1:56356
CodeReloadManager initialized
Begin MonoManager ReloadAssembly
Registering precompiled unity dll's ...
Register platform support module: C:/Program Files/Unity/Hub/Editor/6000.6.0f1/Editor/Data/PlaybackEngines/WebGLSupport/UnityEditor.WebGL.Extensions.dll
Register platform support module: C:/Program Files/Unity/Hub/Editor/6000.6.0f1/Editor/Data/PlaybackEngines/WindowsStandaloneSupport/UnityEditor.WindowsStandalone.Extensions.dll
Registered in 0.002204 seconds.
Native extension for WindowsStandalone target not found
Native extension for WebGL target not found
Package Manager log level set to [2]
[Package Manager] Failed to launch server process. Reason: Unity was launched with the -noUpm command-line argument
[Package Manager] Unable to send message (not connected to server process).
[Package Manager] Cannot connect to Unity Package Manager local server
ScheduleIndexationOnStartup MainProcess:False IndexOnStartup:True
Scripting: successfully reloaded assembly
- Finished resetting the current domain, in  0.574 seconds
Domain Reload Profiling: 1178ms
	BeginReloadAssembly (131ms)
	RebuildCommonClasses (5ms)
	RebuildNativeTypeToScriptingClass (16ms)
	initialDomainReloadingComplete (76ms)
	LoadAllAssembliesAndSetupDomain (374ms)
		LoadAssemblies (127ms)
		TypeCache.Refresh (260ms)
			TypeCache.ScanAssembly (245ms)
		AnalyzeDomain (1ms)
	FinalizeReload (575ms)
		SetupLoadedEditorAssemblies (0ms)
			InitializePlatformSupportModulesInManaged (4ms)
			BeforeProcessingInitializeOnLoad (107ms)
			ProcessInitializeOnLoadAttributes (102ms)
			ProcessInitializeOnLoadMethodAttributes (272ms)
Initializing Unity extensions:
[Licensing::Client] Successfully resolved entitlement details
[Licensing::Module] License group:
  Id: 2475912216587-night-dragon-studios-UnityProStuXXXX
  Product: Unity Student
  Type: Assigned
  Expiration: 2026-12-11T23:01:23Z
========================================================================
Worker process is ready to serve import requests
Import Worker Mode flag is 0x00
Begin MonoManager ReloadAssembly
'Packages/com.unity.render-pipelines.core/Editor/Deprecated.cs' contains partial class of Unity.Object, exactly 1 of the partial classes needs to be in a file with the same filename. This is to know the one that can be referenced from ie. GameObjects
'Packages/com.unity.render-pipelines.core/Editor/Deprecated.cs' contains partial class of Unity.Object, exactly 1 of the partial classes needs to be in a file with the same filename. This is to know the one that can be referenced from ie. GameObjects
Refreshing native plugins compatible for Editor in 2.82 ms, found 4 plugins.
Native extension for WindowsStandalone target not found
Native extension for WebGL target not found
[Package Manager] Failed to launch server process. Reason: Unity was launched with the -noUpm command-line argument
[Package Manager] Unable to send message (not connected to server process).
[Package Manager] Cannot connect to Unity Package Manager local server
[Package Manager] Failed to launch server process. Reason: Unity was launched with the -noUpm command-line argument
[Package Manager] Unable to send message (not connected to server process).
[Package Manager] Cannot connect to Unity Package Manager local server
ScheduleIndexationOnStartup MainProcess:False IndexOnStartup:True
Scripting: successfully reloaded assembly
- Finished resetting the current domain, in  1.162 seconds
Domain Reload Profiling: 2964ms
	BeginReloadAssembly (492ms)
		DisableScriptedObjects (11ms)
		CreateAndSetChildDomain (80ms)
	RebuildCommonClasses (19ms)
	RebuildNativeTypeToScriptingClass (29ms)
	initialDomainReloadingComplete (88ms)
	LoadAllAssembliesAndSetupDomain (1174ms)
		LoadAssemblies (738ms)
		TypeCache.Refresh (327ms)
			TypeCache.ScanAssembly (298ms)
		AnalyzeDomain (103ms)
			BuildScriptInfoCaches (93ms)
			ResolveRequiredComponents (8ms)
	FinalizeReload (1163ms)
		SetupLoadedEditorAssemblies (0ms)
			InitializePlatformSupportModulesInManaged (5ms)
			BeforeProcessingInitializeOnLoad (186ms)
			ProcessInitializeOnLoadAttributes (354ms)
			ProcessInitializeOnLoadMethodAttributes (97ms)
			AfterProcessingInitializeOnLoad (9ms)
		AwakeInstancesAfterBackupRestoration (11ms)
AcceleratorClientConnectionCallback - disconnected - :0
Launched and connected shader compiler UnityShaderCompiler.exe after 0.01 seconds
Refreshing native plugins compatible for Editor in 2.55 ms, found 4 plugins.
Unloading 61 Unused Serialized files (Serialized files now loaded: 0)
Unloading 6609 unused Assets / (10.6 MB). Loaded Objects now: 7453.
Memory consumption went from 335.8 MB to 325.2 MB.
Total: 11.958500 ms (FindLiveObjects: 0.846600 ms CreateObjectMapping: 0.475700 ms MarkObjects: 6.810200 ms  DeleteObjects: 3.464000 ms)

========================================================================
Received Prepare
AcceleratorClientConnectionCallback - disconnected - :0
Unloading 60 Unused Serialized files (Serialized files now loaded: 0)
Unloading 60 unused Assets / (5.6 MB). Loaded Objects now: 7453.
Memory consumption went from 328.4 MB to 322.8 MB.
Total: 8.623000 ms (FindLiveObjects: 0.632000 ms CreateObjectMapping: 0.153400 ms MarkObjects: 5.858100 ms  DeleteObjects: 1.641400 ms)

Prepare: number of updated asset objects reloaded= 0
========================================================================
Received Import Request.
  Time of request: 2026-09-17T16:41:03.7925333Z
  Time since last request: 181597.66863890000968 seconds.
  importAddress: GUID: 9c53962885c2c4f449125a979d6ad240 - Path: Assets/Scenes - Importer: PreviewImporter
Importing 'GUID: 9c53962885c2c4f449125a979d6ad240 - Path: Assets/Scenes - Importer: PreviewImporter' with importer (PreviewImporter)
Imported 'GUID: 9c53962885c2c4f449125a979d6ad240' -> (Import Result ID: '5564a76921880800cb70ccb99edc2f9c') in 0.017 seconds [static and dynamic dependencies]. Details - ImportResultOutputID=350f5c5e13b2998d53017bdd858ee510 DependenciesID=fe1394fd63357ffba2a9061d7f302132 StaticDependenciesID=27ddc89e5381effa93e03a4ae8fc50ac 
Number of updated asset objects reloaded before import = 0
Number of asset objects unloaded after import = 0
========================================================================
Received Import Request.
  Time of request: 2026-09-17T16:41:03.9381889Z
  Time since last request: 0.091999 seconds.
  importAddress: GUID: a096998332adbe64c855f96d7337c75b - Path: Assets/Scenes/ChessBoard.fbx - Importer: PreviewImporter
Importing 'GUID: a096998332adbe64c855f96d7337c75b - Path: Assets/Scenes/ChessBoard.fbx - Importer: PreviewImporter' with importer (PreviewImporter)
Imported 'GUID: a096998332adbe64c855f96d7337c75b' -> (Import Result ID: '1e7806ca8afc3f1990b427c462bc8ab7') in 1.005 seconds [static and dynamic dependencies]. Details - ImportResultOutputID=8d2ea7cd7c9871290e5bf9017dfe194a DependenciesID=324abfbe80f35599e8236c2584f01db0 StaticDependenciesID=5bb427d9160c8415e529a0528d88e117 
Number of updated asset objects reloaded before import = 0
Number of asset objects unloaded after import = 12
========================================================================
Received Import Request.
  Time of request: 2026-09-17T16:41:04.9614326Z
  Time since last request: 0.0010412 seconds.
  importAddress: GUID: a096998332adbe64c855f96d7337c75b - Path: Assets/Scenes/ChessBoard.fbx - Importer: ScriptedImporter/UnityEditor.QuickSearchModule:UnityEditor.Search:ASIAI0B
Importing 'GUID: a096998332adbe64c855f96d7337c75b - Path: Assets/Scenes/ChessBoard.fbx - Importer: ScriptedImporter/UnityEditor.QuickSearchModule:UnityEditor.Search:ASIAI0B' with importer (ScriptedImporter : UnityEditor.QuickSearchModule:UnityEditor.Search:ASIAI0B)
Imported 'GUID: a096998332adbe64c855f96d7337c75b' -> (Import Result ID: 'a9d137ca64d89ad6948bbaadc537829f') in 0.147 seconds [static and dynamic dependencies]. Details - ImportResultOutputID=d3feb2002302f76bddf027f799e4a8be DependenciesID=ecc71f24ce1a0573ecacc399198575ab StaticDependenciesID=d24b5f95e7c3a8f0cbb947e3f91949c9 
Number of updated asset objects reloaded before import = 0
Number of asset objects unloaded after import = 10
========================================================================
Received Prepare
AcceleratorClientConnectionCallback - disconnected - :0
Unloading 60 Unused Serialized files (Serialized files now loaded: 0)
Unloading 60 unused Assets / (5.5 MB). Loaded Objects now: 7613.
Memory consumption went from 347.8 MB to 342.3 MB.
Total: 11.143600 ms (FindLiveObjects: 0.737400 ms CreateObjectMapping: 0.192500 ms MarkObjects: 8.511800 ms  DeleteObjects: 1.379700 ms)

Prepare: number of updated asset objects reloaded= 0
========================================================================
Received Prepare
AcceleratorClientConnectionCallback - disconnected - :0
Refreshing native plugins compatible for Editor in 33.64 ms, found 4 plugins.
Unloading 60 Unused Serialized files (Serialized files now loaded: 0)
Unloading 60 unused Assets / (5.5 MB). Loaded Objects now: 7613.
Memory consumption went from 348.7 MB to 343.2 MB.
Total: 57.174700 ms (FindLiveObjects: 0.706700 ms CreateObjectMapping: 0.235600 ms MarkObjects: 46.805400 ms  DeleteObjects: 8.849400 ms)

Prepare: number of updated asset objects reloaded= 0
Editor requested this worker to shutdown with reason: Editor is closing down
AcceleratorClientConnectionCallback - disconnected - :0
AssetImportWorker is now disconnected from the server
Process exiting
[ExitDontLaunchBugReporter] Exiting without the bug reporter. Application will exit with return code 0
