VBCSCompilerPreWarmer: pre-warm launched (dotnet PID 59484)
VBCSCompiler prewarm took 34.93 ms
[Licensing::Module] Trying to connect to existing licensing client channel...
Built from '6000.6/respin/6000.6.0f1-fa21a270ab12' branch; Version is '6000.6.0f1 (f7f8ed4d1e24) revision 16251117'; Using compiler version '194234433'; Build Type 'Release'
OS: 'Windows 11  (10.0.26200) Core' Language: 'en' Physical Memory: 32455 MB
BatchMode: 0, IsHumanControllingUs: 1, StartBugReporterOnCrash: 1, Is64bit: 1
System  architecture: x64
[Licensing::IpcConnector] Successfully connected to: "LicenseClient-morga" at "2026-09-17T16:39:39.1740572Z"
Process architecture: x64
Date: 2026-09-17T16:39:39Z
[Licensing::Client] Code 10 while verifying Licensing Client signature (process Id: 40616, path: "C:/Program Files/Unity Hub/UnityLicensingClient_V1/Unity.Licensing.Client.exe")
[Licensing::Module] LicensingClient has failed validation; ignoring
[Licensing::Client] Handshaking with LicensingClient:
  Version:                 1.18.3+d7ffd15
  Session Id:              81b6c0fbda9349b9b6458f5782ad3289
  Correlation Id:          2bccf2cc3c0d8bbcbb15a0aa1c575a80
  External correlation Id: 6100955511740894745
  Machine Id:              IREUCsox+rr0bDY44OOfOqowDQ4=
[Licensing::Module] Successfully connected to LicensingClient on channel: "LicenseClient-morga" (connect: 0.00s, validation: 0.00s, handshake: 0.10s)
[Licensing::IpcConnector] Successfully connected to: "LicenseClient-morga-notifications" at "2026-09-17T16:39:39.2778373Z"
[Licensing::Client] Successfully updated the access token
[Licensing::Module] Successfully updated the access token z6jlzZWfHW...
[Licensing::Client] Successfully resolved entitlement details
[Licensing::Module] License group:
  Id: 2475912216587-night-dragon-studios-UnityProStuXXXX
  Product: Unity Student
  Type: Assigned
  Expiration: 2026-12-11T23:01:23Z
[Licensing::Client] Successfully updated license, isAsync: True, time: 0.00
[Licensing::Client] Successfully resolved entitlement details
[Licensing::Module] Licensing Background thread has ended after 0.12s

COMMAND LINE ARGUMENTS:
C:\Program Files\Unity\Hub\Editor\6000.6.0f1\Editor\Unity.exe
-projectpath
C:\Users\morga\GD205_FA26_Morgaan_Holmes
-acceptSoftwareTermsForThisRunOnly
-useHub
-hubIPC
-cloudEnvironment
production
-licensingIpc
LicenseClient-morga
-hubSessionId
d7c6fb9e-07e8-4b28-88de-f0205f0e1e40
-accessToken
z6jlzZWfHWhEtBbKvnCyBhTMCpDw48HdDK1tDo9EOUM002f
Successfully changed project path to: C:\Users\morga\GD205_FA26_Morgaan_Holmes
C:/Users/morga/GD205_FA26_Morgaan_Holmes
[UnityMemory] Configuration Parameters - Can be set up in boot.config
    "memorysetup-temp-allocator-size-gi-baking-worker=262144"
    "memorysetup-temp-allocator-size-gi-baking-worker=262144"
    "memorysetup-temp-allocator-size-gi-baking-worker=262144"
    "memorysetup-temp-allocator-size-gi-baking-worker=262144"
    "memorysetup-temp-allocator-size-gi-baking-worker=262144"
    "memorysetup-temp-allocator-size-nav-mesh-worker=65536"
    "memorysetup-temp-allocator-size-audio-worker=65536"
    "memorysetup-temp-allocator-size-cloud-worker=32768"
    "memorysetup-temp-allocator-size-gfx=262144"
    "memorysetup-remapper-allocator-initial-capacity=32768"
    "memorysetup-temp-allocator-size-preload-manager=33554432"
    "memorysetup-allocator-temp-initial-block-size-main=262144"
    "memorysetup-allocator-temp-initial-block-size-worker=262144"
    "memorysetup-temp-allocator-size-job-worker=262144"
    "memorysetup-temp-allocator-size-background-worker=32768"
    "memorysetup-bucket-allocator-granularity=16"
    "memorysetup-bucket-allocator-bucket-count=8"
    "memorysetup-bucket-allocator-block-size=33554432"
    "memorysetup-bucket-allocator-block-count=8"
    "memorysetup-main-allocator-block-size=16777216"
    "memorysetup-thread-allocator-block-size=16777216"
    "memorysetup-main-allocator-mimalloc-enabled=1"
    "memorysetup-gfx-main-allocator-block-size=16777216"
    "memorysetup-gfx-thread-allocator-block-size=16777216"
    "memorysetup-cache-allocator-block-size=4194304"
    "memorysetup-typetree-allocator-block-size=2097152"
    "memorysetup-profiler-bucket-allocator-granularity=16"
    "memorysetup-profiler-bucket-allocator-bucket-count=8"
    "memorysetup-profiler-bucket-allocator-block-size=33554432"
    "memorysetup-profiler-bucket-allocator-block-count=8"
    "memorysetup-profiler-allocator-block-size=16777216"
    "memorysetup-profiler-editor-allocator-block-size=1048576"
    "memorysetup-temp-allocator-size-main=16777216"
    "memorysetup-job-temp-allocator-block-size=2097152"
    "memorysetup-job-temp-allocator-block-size-background=1048576"
    "memorysetup-job-temp-allocator-reduction-small-platforms=262144"
Player connection [61132]  Target information:

Player connection [61132]  * "[IP] 100.97.180.47 [Port] 55504 [Flags] 2 [Guid] 1149620164 [EditorId] 1149620164 [Version] 1048832 [Id] WindowsEditor(7,Morgaan) [Debug] 1 [PackageName] WindowsEditor [ProjectName] Editor" 

Player connection [61132] Host joined multi-casting on [225.0.0.222:54997]...
Player connection [61132] Host joined alternative multi-casting on [225.0.0.222:34997]...
Input System module state changed to: Initialized.
[Physics::Module] Initialized fallback backend.
[Physics::Module] Id: 0xdecafbad
[Package Manager] Connected to IPC stream "Upm-17456" after 0.3 seconds.
[Licensing::Client] Successfully resolved entitlement details
Library Redirect Path: Library/
Initialising UDS system complete:
  - System type: Client
  - Resource namespace: 9a57e0648785f89ac797711da808b0a8
  - Shared memory size: 1073741824
  - Command buffer id: 1052576
  - Command buffer size: 8192
  - Hashmap size: 4194304
  - Service connected: false
Launching Unity Data Store - C:/Program Files/Unity/Hub/Editor/6000.6.0f1/Editor/Data/Tools/Unity.DataStore.exe 
Unity Data Store artifact dir = Library/DataStore, working dir = C:/Users/morga/GD205_FA26_Morgaan_Holmes[Physics::Module] Selected backend.
[Physics::Module] Name: PhysX
[Physics::Module] Id: 0xf2b8ea05
[Physics::Module] SDK Version: 4.1.2
[Physics::Module] Integration Version: 1.0.0
[Physics::Module] Threading Mode: Multi-Threaded
Unity Data Store running and initialised
Refreshing native plugins compatible for Editor in 3.56 ms, found 0 plugins.
Initialize engine version: 6000.6.0f1 (f7f8ed4d1e24)
[EntityIdStore] init: VM path (explicit commit), pageSize=4096, blockCount=1048576, entitiesPerBlock=256, slots reserved=4294967296 bytes
[Subsystems] Discovering subsystems at path C:/Program Files/Unity/Hub/Editor/6000.6.0f1/Editor/Data/Resources/UnitySubsystems
[Subsystems] Discovering subsystems at path C:/Users/morga/GD205_FA26_Morgaan_Holmes/Assets
GfxDevice: creating device client; kGfxThreadingModeThreaded
Direct3D:
    Version:  Direct3D 11.0 [level 11.1]
    Renderer: NVIDIA GeForce RTX 5050 Laptop GPU (ID=0x2d98)
    Vendor:   NVIDIA
    VRAM:     7822 MB
    Driver:   32.0.15.7313
Initialize mono
Mono path[0] = 'C:/Program Files/Unity/Hub/Editor/6000.6.0f1/Editor/Data/Managed'
Mono path[1] = 'C:/Program Files/Unity/Hub/Editor/6000.6.0f1/Editor/Data/BCLExtensions/runtime/netstandard2.1'
Mono path[2] = 'C:/Program Files/Unity/Hub/Editor/6000.6.0f1/Editor/Data/MonoBleedingEdge/lib/mono/unityjit-win32'
Mono config path = 'C:/Program Files/Unity/Hub/Editor/6000.6.0f1/Editor/Data/MonoBleedingEdge/etc'
Using monoOptions --debugger-agent=transport=dt_socket,embedding=1,server=y,suspend=n,address=127.0.0.1:56456
CodeReloadManager initialized
ImportWorker Server TCP listen port: 0
AcceleratorClientConnectionCallback - disconnected - :0
Begin MonoManager ReloadAssembly
Registering precompiled unity dll's ...
Register platform support module: C:/Program Files/Unity/Hub/Editor/6000.6.0f1/Editor/Data/PlaybackEngines/WebGLSupport/UnityEditor.WebGL.Extensions.dll
Register platform support module: C:/Program Files/Unity/Hub/Editor/6000.6.0f1/Editor/Data/PlaybackEngines/WindowsStandaloneSupport/UnityEditor.WindowsStandalone.Extensions.dll
Registered in 1.398490 seconds.
Native extension for WindowsStandalone target not found
Native extension for WebGL target not found
Package Manager log level set to [2]
ScheduleIndexationOnStartup MainProcess:False IndexOnStartup:True
Scripting: successfully reloaded assembly
- Finished resetting the current domain, in  3.925 seconds
Domain Reload Profiling: 11517ms
	BeginReloadAssembly (705ms)
		CreateAndSetChildDomain (9ms)
	RebuildCommonClasses (21ms)
	RebuildNativeTypeToScriptingClass (672ms)
	initialDomainReloadingComplete (1994ms)
	LoadAllAssembliesAndSetupDomain (4197ms)
		LoadAssemblies (701ms)
		TypeCache.Refresh (3867ms)
			TypeCache.ScanAssembly (3096ms)
		AnalyzeDomain (6ms)
			ResolveRequiredComponents (4ms)
	FinalizeReload (3927ms)
		SetupLoadedEditorAssemblies (0ms)
			LogAssemblyErrors (4ms)
			InitializePlatformSupportModulesInManaged (4ms)
			BeforeProcessingInitializeOnLoad (213ms)
			ProcessInitializeOnLoadAttributes (234ms)
			ProcessInitializeOnLoadMethodAttributes (759ms)
[Licensing::Client] Successfully resolved entitlement details
Application.AssetDatabase Initial Refresh Start
[Package Manager] Restoring resolved packages state from cache
[Licensing::Client] Successfully resolved entitlement details
[Package Manager] Registered 59 packages:
  Packages from [https://packages.unity.com]:
    com.unity.ai.navigation@2.0.14 (location: C:\Users\morga\GD205_FA26_Morgaan_Holmes\Library\PackageCache\com.unity.ai.navigation@134dd6a3b97b)
    com.unity.collab-proxy@2.13.6 (location: C:\Users\morga\GD205_FA26_Morgaan_Holmes\Library\PackageCache\com.unity.collab-proxy@4628d2ba6ea4)
    com.unity.ide.rider@3.0.38 (location: C:\Users\morga\GD205_FA26_Morgaan_Holmes\Library\PackageCache\com.unity.ide.rider@1f60b3138684)
    com.unity.ide.visualstudio@2.0.26 (location: C:\Users\morga\GD205_FA26_Morgaan_Holmes\Library\PackageCache\com.unity.ide.visualstudio@a99d56dec63f)
    com.unity.inputsystem@1.20.0 (location: C:\Users\morga\GD205_FA26_Morgaan_Holmes\Library\PackageCache\com.unity.inputsystem@7a4e1a2a8194)
    com.unity.visualscripting@1.9.12 (location: C:\Users\morga\GD205_FA26_Morgaan_Holmes\Library\PackageCache\com.unity.visualscripting@4edfcc09512f)
    com.unity.searcher@4.9.5 (location: C:\Users\morga\GD205_FA26_Morgaan_Holmes\Library\PackageCache\com.unity.searcher@a463122f2c00)
    com.unity.profiling.core@1.0.3 (location: C:\Users\morga\GD205_FA26_Morgaan_Holmes\Library\PackageCache\com.unity.profiling.core@8a49f7027d06)
    com.unity.nuget.mono-cecil@1.11.6 (location: C:\Users\morga\GD205_FA26_Morgaan_Holmes\Library\PackageCache\com.unity.nuget.mono-cecil@ecb9724e46ff)
  Built-in packages:
    com.unity.render-pipelines.universal@17.6.0 (location: C:\Users\morga\GD205_FA26_Morgaan_Holmes\Library\PackageCache\com.unity.render-pipelines.universal@8457e85b8184)
    com.unity.test-framework@1.8.0 (location: C:\Users\morga\GD205_FA26_Morgaan_Holmes\Library\PackageCache\com.unity.test-framework@7a3849e09bd0)
    com.unity.timeline@6.6.0 (location: C:\Users\morga\GD205_FA26_Morgaan_Holmes\Library\PackageCache\com.unity.timeline@281d5f7e7d7d)
    com.unity.ugui@2.6.0 (location: C:\Users\morga\GD205_FA26_Morgaan_Holmes\Library\PackageCache\com.unity.ugui@23caec89ae27)
    com.unity.modules.accessibility@1.0.0 (location: C:\Users\morga\GD205_FA26_Morgaan_Holmes\Library\PackageCache\com.unity.modules.accessibility)
    com.unity.modules.adaptiveperformance@1.0.0 (location: C:\Users\morga\GD205_FA26_Morgaan_Holmes\Library\PackageCache\com.unity.modules.adaptiveperformance)
    com.unity.modules.ai@1.0.0 (location: C:\Users\morga\GD205_FA26_Morgaan_Holmes\Library\PackageCache\com.unity.modules.ai)
    com.unity.modules.androidjni@1.0.0 (location: C:\Users\morga\GD205_FA26_Morgaan_Holmes\Library\PackageCache\com.unity.modules.androidjni)
    com.unity.modules.animation@1.0.0 (location: C:\Users\morga\GD205_FA26_Morgaan_Holmes\Library\PackageCache\com.unity.modules.animation)
    com.unity.modules.assetbundle@1.0.0 (location: C:\Users\morga\GD205_FA26_Morgaan_Holmes\Library\PackageCache\com.unity.modules.assetbundle)
    com.unity.modules.audio@1.0.0 (location: C:\Users\morga\GD205_FA26_Morgaan_Holmes\Library\PackageCache\com.unity.modules.audio)
    com.unity.modules.cloth@1.0.0 (location: C:\Users\morga\GD205_FA26_Morgaan_Holmes\Library\PackageCache\com.unity.modules.cloth)
    com.unity.modules.director@1.0.0 (location: C:\Users\morga\GD205_FA26_Morgaan_Holmes\Library\PackageCache\com.unity.modules.director)
    com.unity.modules.imageconversion@1.0.0 (location: C:\Users\morga\GD205_FA26_Morgaan_Holmes\Library\PackageCache\com.unity.modules.imageconversion)
    com.unity.modules.imgui@1.0.0 (location: C:\Users\morga\GD205_FA26_Morgaan_Holmes\Library\PackageCache\com.unity.modules.imgui)
    com.unity.modules.jsonserialize@1.0.0 (location: C:\Users\morga\GD205_FA26_Morgaan_Holmes\Library\PackageCache\com.unity.modules.jsonserialize)
    com.unity.modules.particlesystem@1.0.0 (location: C:\Users\morga\GD205_FA26_Morgaan_Holmes\Library\PackageCache\com.unity.modules.particlesystem)
    com.unity.modules.physics@1.0.0 (location: C:\Users\morga\GD205_FA26_Morgaan_Holmes\Library\PackageCache\com.unity.modules.physics)
    com.unity.modules.physics2d@1.0.0 (location: C:\Users\morga\GD205_FA26_Morgaan_Holmes\Library\PackageCache\com.unity.modules.physics2d)
    com.unity.modules.physicscore2d@1.0.0 (location: C:\Users\morga\GD205_FA26_Morgaan_Holmes\Library\PackageCache\com.unity.modules.physicscore2d)
    com.unity.modules.screencapture@1.0.0 (location: C:\Users\morga\GD205_FA26_Morgaan_Holmes\Library\PackageCache\com.unity.modules.screencapture)
    com.unity.modules.terrain@1.0.0 (location: C:\Users\morga\GD205_FA26_Morgaan_Holmes\Library\PackageCache\com.unity.modules.terrain)
    com.unity.modules.terrainphysics@1.0.0 (location: C:\Users\morga\GD205_FA26_Morgaan_Holmes\Library\PackageCache\com.unity.modules.terrainphysics)
    com.unity.modules.tetgen@1.0.0 (location: C:\Users\morga\GD205_FA26_Morgaan_Holmes\Library\PackageCache\com.unity.modules.tetgen)
    com.unity.modules.tilemap@1.0.0 (location: C:\Users\morga\GD205_FA26_Morgaan_Holmes\Library\PackageCache\com.unity.modules.tilemap)
    com.unity.modules.timelinefoundation@1.0.0 (location: C:\Users\morga\GD205_FA26_Morgaan_Holmes\Library\PackageCache\com.unity.modules.timelinefoundation)
    com.unity.modules.ui@1.0.0 (location: C:\Users\morga\GD205_FA26_Morgaan_Holmes\Library\PackageCache\com.unity.modules.ui)
    com.unity.modules.uielements@1.0.0 (location: C:\Users\morga\GD205_FA26_Morgaan_Holmes\Library\PackageCache\com.unity.modules.uielements)
    com.unity.modules.umbra@1.0.0 (location: C:\Users\morga\GD205_FA26_Morgaan_Holmes\Library\PackageCache\com.unity.modules.umbra)
    com.unity.modules.unityanalytics@1.0.0 (location: C:\Users\morga\GD205_FA26_Morgaan_Holmes\Library\PackageCache\com.unity.modules.unityanalytics)
    com.unity.modules.unitywebrequest@1.0.0 (location: C:\Users\morga\GD205_FA26_Morgaan_Holmes\Library\PackageCache\com.unity.modules.unitywebrequest)
    com.unity.modules.unitywebrequestassetbundle@1.0.0 (location: C:\Users\morga\GD205_FA26_Morgaan_Holmes\Library\PackageCache\com.unity.modules.unitywebrequestassetbundle)
    com.unity.modules.unitywebrequestaudio@1.0.0 (location: C:\Users\morga\GD205_FA26_Morgaan_Holmes\Library\PackageCache\com.unity.modules.unitywebrequestaudio)
    com.unity.modules.unitywebrequesttexture@1.0.0 (location: C:\Users\morga\GD205_FA26_Morgaan_Holmes\Library\PackageCache\com.unity.modules.unitywebrequesttexture)
    com.unity.modules.unitywebrequestwww@1.0.0 (location: C:\Users\morga\GD205_FA26_Morgaan_Holmes\Library\PackageCache\com.unity.modules.unitywebrequestwww)
    com.unity.modules.vectorgraphics@1.0.0 (location: C:\Users\morga\GD205_FA26_Morgaan_Holmes\Library\PackageCache\com.unity.modules.vectorgraphics)
    com.unity.modules.vehicles@1.0.0 (location: C:\Users\morga\GD205_FA26_Morgaan_Holmes\Library\PackageCache\com.unity.modules.vehicles)
    com.unity.modules.video@1.0.0 (location: C:\Users\morga\GD205_FA26_Morgaan_Holmes\Library\PackageCache\com.unity.modules.video)
    com.unity.modules.wind@1.0.0 (location: C:\Users\morga\GD205_FA26_Morgaan_Holmes\Library\PackageCache\com.unity.modules.wind)
    com.unity.modules.xr@1.0.0 (location: C:\Users\morga\GD205_FA26_Morgaan_Holmes\Library\PackageCache\com.unity.modules.xr)
    com.unity.modules.subsystems@1.0.0 (location: C:\Users\morga\GD205_FA26_Morgaan_Holmes\Library\PackageCache\com.unity.modules.subsystems)
    com.unity.modules.hierarchycore@1.0.0 (location: C:\Users\morga\GD205_FA26_Morgaan_Holmes\Library\PackageCache\com.unity.modules.hierarchycore)
    com.unity.ext.nunit@2.1.0 (location: C:\Users\morga\GD205_FA26_Morgaan_Holmes\Library\PackageCache\com.unity.ext.nunit@0198eae3b53e)
    com.unity.render-pipelines.core@17.6.0 (location: C:\Users\morga\GD205_FA26_Morgaan_Holmes\Library\PackageCache\com.unity.render-pipelines.core@2d66c71e606e)
    com.unity.shadergraph@17.6.0 (location: C:\Users\morga\GD205_FA26_Morgaan_Holmes\Library\PackageCache\com.unity.shadergraph@ef6135652377)
    com.unity.render-pipelines.universal-config@17.6.0 (location: C:\Users\morga\GD205_FA26_Morgaan_Holmes\Library\PackageCache\com.unity.render-pipelines.universal-config@561422b74439)
    com.unity.graph-authoring@1.0.0 (location: C:\Users\morga\GD205_FA26_Morgaan_Holmes\Library\PackageCache\com.unity.graph-authoring@cfd2588851ee)
    com.unity.burst@2.0.0 (location: C:\Users\morga\GD205_FA26_Morgaan_Holmes\Library\PackageCache\com.unity.burst@626e66ab421b)
    com.unity.collections@6.6.0 (location: C:\Users\morga\GD205_FA26_Morgaan_Holmes\Library\PackageCache\com.unity.collections@10fff0607388)
    com.unity.test-framework.performance@6.6.0 (location: C:\Users\morga\GD205_FA26_Morgaan_Holmes\Library\PackageCache\com.unity.test-framework.performance@0a60b857a52e)
[Subsystems] No new subsystems found in resolved package list.
[Package Manager] Done registering packages in 0.10 seconds
Starting: C:\Program Files\Unity\Hub\Editor\6000.6.0f1\Editor\Data\Tools\BuildPipeline\bee_backend.exe --ipc --defer-dag-verification --dagfile="Library/Bee/1900b0aE.dag" --continue-on-failure --profile="Library/Bee/backend1.traceevents" ScriptAssemblies
WorkingDir: C:/Users/morga/GD205_FA26_Morgaan_Holmes
warn: Unity.ILPP.Runner.PostProcessingAssemblyLoadContext[0]
      Assembly system.runtime.interopservices.windowsruntime has duplicate hint path. Ignoring "C:\Program Files\Unity\Hub\Editor\6000.6.0f1\Editor\Data\UnityReferenceAssemblies\unity-4.8-api\Facades\System.Runtime.InteropServices.WindowsRuntime.dll" in favor of "C:\Program Files\Unity\Hub\Editor\6000.6.0f1\Editor\Data\NetStandard\Extensions\2.0.0\System.Runtime.InteropServices.WindowsRuntime.dll"
warn: Unity.ILPP.Runner.PostProcessingAssemblyLoadContext[0]
      Assembly system.componentmodel.composition has duplicate hint path. Ignoring "C:\Program Files\Unity\Hub\Editor\6000.6.0f1\Editor\Data\UnityReferenceAssemblies\unity-4.8-api\System.ComponentModel.Composition.dll" in favor of "C:\Program Files\Unity\Hub\Editor\6000.6.0f1\Editor\Data\NetStandard\compat\2.1.0\shims\netfx\System.ComponentModel.Composition.dll"
ExitCode: 0 Duration: 1s663ms
[756/970    1s] ILPP-Configuration Library/ilpp-configuration.nevergeneratedoutput
*** Tundra build success (1.47 seconds), 1 items updated, 970 evaluated
AssetDatabase: script compilation time: 3.997299s
Begin MonoManager ReloadAssembly
Total cache size 63458796
Total cache size after purge 63458796, took 00:00:00.2177254
'Packages/com.unity.render-pipelines.core/Editor/Deprecated.cs' contains partial class of Unity.Object, exactly 1 of the partial classes needs to be in a file with the same filename. This is to know the one that can be referenced from ie. GameObjects
'Packages/com.unity.render-pipelines.core/Editor/Deprecated.cs' contains partial class of Unity.Object, exactly 1 of the partial classes needs to be in a file with the same filename. This is to know the one that can be referenced from ie. GameObjects
Refreshing native plugins compatible for Editor in 124.17 ms, found 4 plugins.
Native extension for WindowsStandalone target not found
Native extension for WebGL target not found
ScheduleIndexationOnStartup MainProcess:True IndexOnStartup:True
Scripting: successfully reloaded assembly
- Finished resetting the current domain, in  1.393 seconds
Domain Reload Profiling: 3758ms
	BeginReloadAssembly (287ms)
		DisableScriptedObjects (70ms)
		CreateAndSetChildDomain (46ms)
	RebuildCommonClasses (9ms)
	RebuildNativeTypeToScriptingClass (15ms)
	initialDomainReloadingComplete (65ms)
	LoadAllAssembliesAndSetupDomain (1987ms)
		LoadAssemblies (1706ms)
		TypeCache.Refresh (169ms)
			TypeCache.ScanAssembly (157ms)
		AnalyzeDomain (79ms)
			BuildScriptInfoCaches (71ms)
			ResolveRequiredComponents (7ms)
	FinalizeReload (1394ms)
		SetupLoadedEditorAssemblies (0ms)
			BeforeProcessingInitializeOnLoad (121ms)
			ProcessInitializeOnLoadAttributes (442ms)
			ProcessInitializeOnLoadMethodAttributes (134ms)
			AfterProcessingInitializeOnLoad (7ms)
		AwakeInstancesAfterBackupRestoration (35ms)
Starting new worker id: 0 with log in C:/Users/morga/GD205_FA26_Morgaan_Holmes/Logs/AssetImportWorkerHW0.log

Asset Pipeline Refresh (id=64ea46690f5171c4b9a159829a5625c0): Total: 23.672 seconds - Initiated by InitialRefreshV2(ForceSynchronousImport)
	(Values over 0.05ms)
	Summary:
		Imports: total=0 (actual=0, local cache=0, cache server=0)
		Asset DB Process Time: managed=0 ms, native=16969 ms
		Asset DB Callback time: managed=63 ms, native=146 ms
		Scripting: domain reloads=1, domain reload time=2435 ms, compile time=4000 ms, other=56 ms
		Project Asset Count: scripts=1370, non-scripts=2318
		Asset File Changes: new=0, changed=0, moved=0, deleted=0
		Scan Filter Count: 0
	InvokePackagesCallback: 148.397ms
	ApplyChangesToAssetFolders: 0.824ms
	Scan: 700.005ms
	Collect global state as custom dependencies: 36.421ms
	CategorizeScriptCompilationAssets: 3578.140ms
	ProcessAssetsWithTransientArtifactChanges: 71.962ms
	CategorizeAssets: 52.631ms
	CompileScripts: 3999.782ms
	ImportOutOfDateAssets: 1558.318ms (1530.055ms without children)
		ReloadNativeAssets: 0.077ms
		UnloadImportedAssets: 1.363ms
		EnsureUptoDateAssetsAreRegisteredWithGuidPM: 0.930ms
		ImportSchedulerStart: 25.885ms
	PostProcessAllAssets: 64.035ms
		MonoPostProcessAllAssets: 63.921ms
			UniversalRenderPipelineGlobalSettingsPostprocessor.OnPostprocessAllAssets 24.407ms
			SyncVS.PostprocessSyncProject 5.401ms
			WindowAssetPostprocessingWatcher.OnPostprocessAllAssets 4.022ms
			SpeedTree9Postprocessor.OnPostprocessAllAssets 2.124ms
			EditModeScopePostprocessor.OnPostprocessAllAssets 1.640ms
			RenderPipelineGlobalSettingsPostprocessor.OnPostprocessAllAssets 1.572ms
			ShaderReflectionAssetPostProcessor.OnPostprocessAllAssets 1.164ms
			ReferencedClipsPostProcessor.OnPostprocessAllAssets 0.588ms
			AssetDatabaseCallbacks.OnPostprocessAllAssets 0.355ms
			InputActionAssetPostprocessor.OnPostprocessAllAssets 0.329ms
			TerrainToolbarOverlayPostProcessor.OnPostprocessAllAssets 0.243ms
			ProjectSettingsPostprocessor.OnPostprocessAllAssets 0.174ms
	UnloadStreamsBegin: 2.887ms
	PersistCurrentRevisions: 0.389ms
	GenerateScriptTypeHashes: 1.249ms
	GenerateScriptTypeSerializationHashes: 2.257ms
	Untracked: 13426.560ms

Application.AssetDatabase Initial Refresh End
Launched and connected shader compiler UnityShaderCompiler.exe after 0.10 seconds
Scanning for USB devices : 1.646ms
Initializing Unity extensions:
[MODES] ModeService[none].Initialize
[MODES] ModeService[none].LoadModes
[MODES] Loading mode Default (0) for mode-current-id-GD205_FA26_Morgaan_Holmes
Unloading 61 Unused Serialized files (Serialized files now loaded: 0)
Problem detected while opening the Scene file: 'Assets/Scenes/SampleScene.unity'.
Check the following logs for more details.
UnityEngine.Debug:ExtractStackTraceNoAlloc (byte*,int,string)
UnityEngine.StackTraceUtility:ExtractStackTrace ()
UnityEditor.EditorApplication:Internal_RestoreLastOpenedScenes ()

[C:\build\output\unity\unity\Runtime\PreloadManager\LoadSceneOperation.cpp line 860]

Prefab instance problem. Missing Prefab Asset: 'ChessBoard (Missing Prefab with guid: d8d671d9c52c662498379ec30c80a0c2)'
UnityEngine.Debug:ExtractStackTraceNoAlloc (byte*,int,string)
UnityEngine.StackTraceUtility:ExtractStackTrace ()
UnityEditor.EditorApplication:Internal_RestoreLastOpenedScenes ()

[C:\build\output\unity\unity\Runtime\BaseClasses\ErrorsAndWarningsCapture.cpp line 77]

Loaded scene 'Assets/Scenes/SampleScene.unity'
	Deserialize:            11.485 ms
	Integration:            20.181 ms
	Integration of assets:  0.003 ms
	Thread Wait Time:       0.020 ms
	Total Operation Time:   31.689 ms
Unloading 6622 unused Assets / (10.7 MB). Loaded Objects now: 7562.
Memory consumption went from 418.2 MB to 407.6 MB.
Total: 10.341400 ms (FindLiveObjects: 0.681100 ms CreateObjectMapping: 0.328700 ms MarkObjects: 5.954200 ms  DeleteObjects: 2.884200 ms)

[LAYOUT] About to load UserSettings\Layouts\default-6000.dwlt, keepMainWindow=False
Worker ready: AssetImportWorkerHW0 0
[LAYOUT] About to save layout C:\Users\morga\GD205_FA26_Morgaan_Holmes\UserSettings\Layouts\default-6000.dwlt
[LAYOUT] About to save layout C:/Users/morga/AppData/Roaming/Unity/Editor-5.x/Preferences\Layouts\current\default-6000.dwlt
[MODES] ModeService[default].InitializeCurrentMode
[MODES] ModeService[default].RaiseModeChanged(default, default)
<RI> Initializing input.
Using Windows.Gaming.Input
[Project] Loading completed in 61.583 seconds
	Project init time: 				59.495 seconds
		Template init time: 		0.000 seconds
		Package Manager init time: 		0.254 seconds
		Asset Database init time: 		1.885 seconds
		Global illumination init time: 	0.014 seconds
		Assemblies load time: 			27.629 seconds
		Unity extensions init time: 	0.031 seconds
		Asset Database refresh time: 	23.672 seconds
	Scene opening time: 			1.596 seconds
##utp:{"type":"ProjectInfo","version":2,"phase":"Immediate","time":1789663240700,"processId":17456,"projectLoad":61.582904,"projectInit":59.4948639,"templateInit":0.0,"packageManagerInit":0.2539817,"assetDatabaseInit":1.8846415,"globalIlluminationInit":0.0140437,"assembliesLoad":27.6293114,"unityExtensionsInit":0.0306829,"assetDatabaseRefresh":23.6724085,"sceneOpening":1.5956891}
##utp:{"type":"EditorInfo","version":2,"phase":"Immediate","time":1789663240701,"processId":17456,"editorVersion":"6000.6.0f1 (f7f8ed4d1e24)","branch":"6000.6/respin/6000.6.0f1-fa21a270ab12","buildType":"Release","platform":"Windows"}
GPU Resident Drawer created.
[Licensing::Client] Successfully resolved entitlement details
[Licensing::Client] Successfully resolved entitlement details
Created GICache directory at C:/Users/morga/AppData/LocalLow/Unity/Caches/GiCache. Took: 0.044s, timestamps: [63.608 - 63.653]
[Licensing::Client] Successfully resolved entitlement details
[Licensing::Client] Successfully resolved entitlement details
[Licensing::Client] Successfully resolved entitlement details
[Licensing::Client] Successfully updated the access token
[Licensing::Module] Successfully updated access token: "z6jlzZWf"... (expires: 2026-09-17T16:55:28Z)
UPID Received 'c4c02f0b-72e7-47a3-b2f0-e47c8e48b3cc'.
[Licensing::Client] Successfully resolved entitlement details
Asset Pipeline Refresh (id=3598312e0b9a46d45b798c3e33ecebab): Total: 0.106 seconds - Initiated by RefreshV2(AllowForceSynchronousImport)
Start Indexing on Editor startup
[Indexing] Starting Initial Indexing for Assets
Importing 'GUID: a096998332adbe64c855f96d7337c75b - Path: Assets/Scenes/ChessBoard.fbx' with importer (FBXImporter)
Imported 'GUID: a096998332adbe64c855f96d7337c75b' -> (Import Result ID: 'ce5c4b48dfd579bef7115b7ff9e0b9f1') in 0.087 seconds [static and dynamic dependencies]. Details - ImportResultOutputID=4ddcfcb229cd6a7afc13397a7d7a0e9e DependenciesID=869e09d876e9bb38a2307c2a2ddb26d7 StaticDependenciesID=4eae6a401569596c887664acc130907a 
Asset Pipeline Refresh (id=e1d91a34cddb7ea4e9ad4e414278f193): Total: 0.247 seconds - Initiated by RefreshV2(NoUpdateAssetOptions)
Starting new worker id: 1 with log in C:/Users/morga/GD205_FA26_Morgaan_Holmes/Logs/AssetImportWorkerHW1.log
[Worker0] Imported GUID: 9c53962885c2c4f449125a979d6ad240 - Path: Assets/Scenes - Importer: PreviewImporter -> (ImportResultId: '5564a76921880800cb70ccb99edc2f9c') in 0.0530486 seconds
[Worker0] Imported GUID: a096998332adbe64c855f96d7337c75b - Path: Assets/Scenes/ChessBoard.fbx - Importer: PreviewImporter -> (ImportResultId: '1e7806ca8afc3f1990b427c462bc8ab7') in 1.0202464 seconds
[Worker0] Imported GUID: a096998332adbe64c855f96d7337c75b - Path: Assets/Scenes/ChessBoard.fbx - Importer: ScriptedImporter/UnityEditor.QuickSearchModule:UnityEditor.Search:ASIAI0B -> (ImportResultId: 'a9d137ca64d89ad6948bbaadc537829f') in 0.1580355 seconds
Worker ready: AssetImportWorkerHW1 1
TrimDiskCacheJob: Current cache size 0mb
Asset Pipeline Refresh (id=7afb17fd582c4f54681e201df101ce3b): Total: 0.023 seconds - Initiated by RefreshV2(AllowForceSynchronousImport)
Refreshing native plugins compatible for Editor in 2.03 ms, found 4 plugins.
Asset Pipeline Refresh (id=2b243a837b1956e41938411410f9709c): Total: 0.061 seconds - Initiated by StopAssetImportingV2(NoUpdateAssetOptions)
Asset Pipeline Refresh (id=38594822f06ff0441aed15767b51bc14): Total: 0.014 seconds - Initiated by RefreshV2(ForceSynchronousImport)
Project ID request failed, Reason: The requested URL returned error: 401 (401).
Unknown Unity Connect error (400). Please contact support at support@unity.com while processing request "https://services.unity.com/api/unity/legacy/v1/projects/c4c02f0b-72e7-47a3-b2f0-e47c8e48b3cc", HTTP error code 401
.[Licensing::Client] Successfully resolved entitlement details
[Licensing::Client] Successfully resolved entitlement details
[Licensing::Client] Successfully resolved entitlement details
[Licensing::Client] Successfully updated the access token
[Licensing::Module] Successfully updated access token: "Cp1G5xHR"... (expires: 2026-09-17T18:54:50Z)
[Licensing::Client] Successfully resolved entitlement details
[Licensing::Client] Successfully resolved entitlement details
Project ID request failed, Reason: The requested URL returned error: 401 (401).
Unknown Unity Connect error (400). Please contact support at support@unity.com while processing request "https://services.unity.com/api/unity/legacy/v1/projects/c4c02f0b-72e7-47a3-b2f0-e47c8e48b3cc", HTTP error code 401
.Asset Pipeline Refresh (id=d29da0afe08b413469e875ac926e5e69): Total: 0.018 seconds - Initiated by RefreshV2(AllowForceSynchronousImport)
Asset Pipeline Refresh (id=4d7d2c36d25f17f47825fbfaebd5214b): Total: 0.014 seconds - Initiated by RefreshV2(AllowForceSynchronousImport)
Asset Pipeline Refresh (id=719d5d391952db54885edd51bb23aa05): Total: 0.011 seconds - Initiated by RefreshV2(AllowForceSynchronousImport)
MonoPathRemapper: Attempts to remap: 41307; Successful remaps: 18952
Serialized file version minimum: 23, current 23
[LAYOUT] About to save layout C:\Users\morga\GD205_FA26_Morgaan_Holmes\UserSettings\Layouts\default-6000.dwlt
[LAYOUT] About to save layout C:/Users/morga/AppData/Roaming/Unity/Editor-5.x/Preferences\Layouts\current\default-6000.dwlt
Importing 'GUID: 00000000000000009000000000000000 - Path: ProjectSettings/QualitySettings.asset' with importer (LibraryAssetImporter)
Imported 'GUID: 00000000000000009000000000000000' -> (Import Result ID: '8151b601d05d3e12de314c2aa1f82962') in 0.003 seconds [static dependencies only]. Details - ImportResultOutputID=2a108b3da874f726c62fbe5f12be4a8a DependenciesID=6180c49ef29638684367d2893c04e070 StaticDependenciesID=5b19720d9149525484b40148944c8e26 
Refreshing native plugins compatible for Editor in 17.75 ms, found 4 plugins.
Asset Pipeline Refresh (id=ec0f7b98e33e3db4ba0e094f406f867f): Total: 0.097 seconds - Initiated by StopAssetImportingV2(NoUpdateAssetOptions)
GPU Resident Drawer disposed.
Input System module state changed to: ShutdownInProgress.
Input Polling Thread exited.
Input System module state changed to: Shutdown.
[Physics::Module] Cleanup current backend.
[Physics::Module] Id: 0xf2b8ea05
[Licensing::IpcConnector] LicenseClient-morga-notifications channel disconnected successfully.
[Licensing::IpcConnector] LicenseClient-morga channel disconnected successfully.
Lingering sessions upon destruction of worker manager
Unity Data Store service was successfully shut down
UDS shutting down local client system
Shut down UDS service system complete
AcceleratorClientConnectionCallback - disconnected - :0
Cleanup mono
CodeReloadManager destroyed
abort_threads: Failed aborting id: 000000000000EB18, mono_thread_manage will ignore it

abort_threads: Failed aborting id: 00000000000001C4, mono_thread_manage will ignore it

abort_threads: Failed aborting id: 000000000000EB18, mono_thread_manage will ignore it

abort_threads: Failed aborting id: 00000000000001C4, mono_thread_manage will ignore it

debugger-agent: Unable to listen on 3920
Checking for leaked weakptr:
  Found no leaked weakptrs.
[Package Manager] Server process was shutdown
##utp:{"type":"MemoryLeaks","version":2,"phase":"Immediate","time":1789665603374,"processId":17456,"allocatedMemory":18027147,"memoryLabels":[{"Default":217287},{"Permanent":15516},{"NewDelete":71857},{"Thread":4198024},{"Manager":2337381},{"VertexData":8},{"Geometry":816},{"Shader":854125},{"Material":24},{"TextureCache":608},{"GfxDevice":55968},{"Animation":952},{"Audio":984},{"FreeType":8},{"FontEngine":736},{"Physics":1970},{"Physics2D":16},{"Serialization":33248},{"Input":45280},{"JobScheduler":256},{"TextLib":23134},{"Mono":48},{"MonoCode":64},{"ScriptingNativeRuntime":1293808},{"BaseObject":49296},{"Resource":1208},{"Renderer":2384},{"Transform":4685},{"File":22246},{"WebCam":616},{"Culling":32},{"Terrain":11442},{"Wind":24},{"STL":40},{"String":443424},{"StaticString":3808},{"Utility":2674498},{"Curl":1492},{"PoolAlloc":2840},{"AI":80},{"TypeTree":17165},{"ScriptManager":12640},{"CodeReload":448},{"RuntimeInitializeOnLoadManager":64},{"Sprites":102},{"SpriteAtlas":120},{"GI":7816},{"Director":8296},{"CloudService":7584},{"WebRequest":4671},{"VR":49650},{"SceneManager":608},{"Video":208},{"LazyScriptCache":32},{"NativeArray":936},{"Camera":729},{"Secure":265},{"SerializationCache":9256},{"APIUpdating":10320},{"Subsystems":336},{"VirtualTexturing":57888},{"StaticSafetyDebugInfo":278528},{"Analytics":768},{"Hierarchy":1188},{"UIElements":40},{"CoreStats":14456},{"Identifiers":7152},{"Gui":268337},{"EditorUtility":159977},{"VersionControl":8},{"Undo":931},{"AssetDatabase":4669715},{"AssetImporter":40},{"EditorGi":328},{"UnityConnect":37750},{"Upm":1988},{"UpmDiagnostics":8},{"AssetCompliance":96},{"DrivenProperties":72},{"LocalIPC":260},{"ProfilerEditor":9746},{"CoreBusinessMetrics":3600},{"Windowing":456},{"Licensing":12856},{"AssetReference":32},{"IPCStream":32}]}
